// Vitest Snapshot v1, https://vitest.dev/guide/snapshot.html

exports[`The LanguageSelector component > the snapshot match 1`] = `
{
  "asFragment": [Function],
  "baseElement": <body>
    <div>
      <div
        class="LanguageSelector"
      >
        <img
          alt="Drapeau français"
          class="LanguageSelector__flags"
          data-testid="LanguageSelectorButton--french"
          src="/src/assets/logos/languages/FrenchFlag.svg"
        />
        <div
          class="LanguageSelector__button undefined"
          data-testid="LanguageSelectorButton"
        >
          <div
            class="LanguageSelector__inner-circle"
            id="inner-circle"
          />
        </div>
        <img
          alt="Drapeau du Royaume-Uni"
          class="LanguageSelector__flags"
          data-testid="LanguageSelectorButton--english"
          src="/src/assets/logos/languages/UkFlag.svg"
        />
      </div>
    </div>
  </body>,
  "container": <div>
    <div
      class="LanguageSelector"
    >
      <img
        alt="Drapeau français"
        class="LanguageSelector__flags"
        data-testid="LanguageSelectorButton--french"
        src="/src/assets/logos/languages/FrenchFlag.svg"
      />
      <div
        class="LanguageSelector__button undefined"
        data-testid="LanguageSelectorButton"
      >
        <div
          class="LanguageSelector__inner-circle"
          id="inner-circle"
        />
      </div>
      <img
        alt="Drapeau du Royaume-Uni"
        class="LanguageSelector__flags"
        data-testid="LanguageSelectorButton--english"
        src="/src/assets/logos/languages/UkFlag.svg"
      />
    </div>
  </div>,
  "debug": [Function],
  "findAllByAltText": [Function],
  "findAllByDisplayValue": [Function],
  "findAllByLabelText": [Function],
  "findAllByPlaceholderText": [Function],
  "findAllByRole": [Function],
  "findAllByTestId": [Function],
  "findAllByText": [Function],
  "findAllByTitle": [Function],
  "findByAltText": [Function],
  "findByDisplayValue": [Function],
  "findByLabelText": [Function],
  "findByPlaceholderText": [Function],
  "findByRole": [Function],
  "findByTestId": [Function],
  "findByText": [Function],
  "findByTitle": [Function],
  "getAllByAltText": [Function],
  "getAllByDisplayValue": [Function],
  "getAllByLabelText": [Function],
  "getAllByPlaceholderText": [Function],
  "getAllByRole": [Function],
  "getAllByTestId": [Function],
  "getAllByText": [Function],
  "getAllByTitle": [Function],
  "getByAltText": [Function],
  "getByDisplayValue": [Function],
  "getByLabelText": [Function],
  "getByPlaceholderText": [Function],
  "getByRole": [Function],
  "getByTestId": [Function],
  "getByText": [Function],
  "getByTitle": [Function],
  "queryAllByAltText": [Function],
  "queryAllByDisplayValue": [Function],
  "queryAllByLabelText": [Function],
  "queryAllByPlaceholderText": [Function],
  "queryAllByRole": [Function],
  "queryAllByTestId": [Function],
  "queryAllByText": [Function],
  "queryAllByTitle": [Function],
  "queryByAltText": [Function],
  "queryByDisplayValue": [Function],
  "queryByLabelText": [Function],
  "queryByPlaceholderText": [Function],
  "queryByRole": [Function],
  "queryByTestId": [Function],
  "queryByText": [Function],
  "queryByTitle": [Function],
  "rerender": [Function],
  "unmount": [Function],
}
`;
